PS C:\DEV_SRC\vscode\firebase> git init
Initialized empty Git repository in C:/DEV_SRC/vscode/firebase/.git/
PS C:\DEV_SRC\vscode\firebase> git remote add origin https://github.com/KwangYongPark/WorkAssistance.git
PS C:\DEV_SRC\vscode\firebase> git add .                                          
PS C:\DEV_SRC\vscode\firebase> git commit -m "Initial commit"
Author identity unknown

*** Please tell me who you are.

Run

  git config --global user.email "you@example.com"
  git config --global user.name "Your Name"

to set your account's default identity.
Omit --global to set the identity only in this repository.

fatal: unable to auto-detect email address (got 'sonzw@LAPTOP.(none)')
PS C:\DEV_SRC\vscode\firebase> ^C
PS C:\DEV_SRC\vscode\firebase> git config --global user.email "mail.binz@gmail.com"
PS C:\DEV_SRC\vscode\firebase>  git config --global user.name "KwangYongPark"                             
PS C:\DEV_SRC\vscode\firebase> git commit -m "Initial commit"
[master (root-commit) ea5d9f1] Initial commit
 1 file changed, 23 insertions(+)
 create mode 100644 index.html
PS C:\DEV_SRC\vscode\firebase> git add .
PS C:\DEV_SRC\vscode\firebase> git commit -m "Initial commit"                      
[master 731a5b6] Initial commit
 1 file changed, 0 insertions(+), 0 deletions(-)
 rename index.html => public/index.html (100%)
PS C:\DEV_SRC\vscode\firebase> git commit                    
On branch master
nothing to commit, working tree clean
PS C:\DEV_SRC\vscode\firebase> ls


    디렉터리: C:\DEV_SRC\vscode\firebase


Mode                 LastWriteTime         Length Name
----                 -------------         ------ ----
d-----      2025-05-14   오후 1:05                public


PS C:\DEV_SRC\vscode\firebase> git push -u origin main
error: src refspec main does not match any
error: failed to push some refs to 'https://github.com/KwangYongPark/WorkAssistance.git'
PS C:\DEV_SRC\vscode\firebase> git pull origin master
fatal: couldn't find remote ref master
PS C:\DEV_SRC\vscode\firebase> git pull origin master
fatal: couldn't find remote ref master
PS C:\DEV_SRC\vscode\firebase> git pull origin main
remote: Enumerating objects: 6, done.
remote: Counting objects: 100% (6/6), done.
remote: Compressing objects: 100% (3/3), done.
remote: Total 6 (delta 0), reused 0 (delta 0), pack-reused 0 (from 0)
Unpacking objects: 100% (6/6), 1.80 KiB | 36.00 KiB/s, done.
From https://github.com/KwangYongPark/WorkAssistance
 * branch            main       -> FETCH_HEAD
 * [new branch]      main       -> origin/main
fatal: refusing to merge unrelated histories
PS C:\DEV_SRC\vscode\firebase> git push -u origin main
error: src refspec main does not match any
error: failed to push some refs to 'https://github.com/KwangYongPark/WorkAssistance.git'
PS C:\DEV_SRC\vscode\firebase> git branch
* master
PS C:\DEV_SRC\vscode\firebase> git push -u origin master
info: please complete authentication in your browser...
Enumerating objects: 5, done.
Counting objects: 100% (5/5), done.
Delta compression using up to 8 threads
Compressing objects: 100% (3/3), done.
Writing objects: 100% (5/5), 1.11 KiB | 566.00 KiB/s, done.
Total 5 (delta 0), reused 0 (delta 0), pack-reused 0 (from 0)
remote: 
remote: Create a pull request for 'master' on GitHub by visiting:
remote:      https://github.com/KwangYongPark/WorkAssistance/pull/new/master
remote:
To https://github.com/KwangYongPark/WorkAssistance.git
 * [new branch]      master -> master
branch 'master' set up to track 'origin/master'.
PS C:\DEV_SRC\vscode\firebase> code .
PS C:\DEV_SRC\vscode\firebase> ls


    디렉터리: C:\DEV_SRC\vscode\firebase


Mode                 LastWriteTime         Length Name
----                 -------------         ------ ----
d-----      2025-05-14   오후 1:16                public


PS C:\DEV_SRC\vscode\firebase> firebase init

     ######## #### ########  ######## ########     ###     ######  ########
     ##        ##  ##     ## ##       ##     ##  ##   ##  ##       ##
     ######    ##  ########  ######   ########  #########  ######  ######
     ##        ##  ##    ##  ##       ##     ## ##     ##       ## ##
     ##       #### ##     ## ######## ########  ##     ##  ######  ########

You're about to initialize a Firebase project in this directory:

  C:\DEV_SRC\vscode\firebase

Before we get started, keep in mind:

  * You are currently outside your home directory

✔ Are you ready to proceed? Yes
✔ Which Firebase features do you want to set up for this directory? Press Space to select features, then Enter to confirm your choices.

Error: Must select at least one feature. Use SPACEBAR to select features, or specify a feature by running firebase init [feature_name]
PS C:\DEV_SRC\vscode\firebase> firebase init

     ######## #### ########  ######## ########     ###     ######  ########
     ##        ##  ##     ## ##       ##     ##  ##   ##  ##       ##
     ######    ##  ########  ######   ########  #########  ######  ######
     ##        ##  ##    ##  ##       ##     ## ##     ##       ## ##
     ##       #### ##     ## ######## ########  ##     ##  ######  ########

You're about to initialize a Firebase project in this directory:

  C:\DEV_SRC\vscode\firebase

Before we get started, keep in mind:

  * You are currently outside your home directory

✔ Are you ready to proceed? Yes
✔ Which Firebase features do you want to set up for this directory? Press Space to select features, then Enter to confirm your choices. Hosting:  
Configure files for Firebase Hosting and (optionally) set up GitHub Action deploys

=== Project Setup

First, let's associate this project directory with a Firebase project.
You can create multiple project aliases by running firebase use --add,
but for now we'll just set up a default project.

? Please select an option: (Use arrow keys)
❯ Use an existing project
  Create a new project
  Add Firebase to an existing Google Cloud Platform project
  Don't set up a default project

Error: An unexpected error has occurred.
PS C:\DEV_SRC\vscode\firebase> firebase init

     ######## #### ########  ######## ########     ###     ######  ########
     ##        ##  ##     ## ##       ##     ##  ##   ##  ##       ##
     ######    ##  ########  ######   ########  #########  ######  ######
     ##        ##  ##    ##  ##       ##     ## ##     ##       ## ##
     ##       #### ##     ## ######## ########  ##     ##  ######  ########

You're about to initialize a Firebase project in this directory:

  C:\DEV_SRC\vscode\firebase

Before we get started, keep in mind:

  * You are currently outside your home directory

✔ Are you ready to proceed? Yes
✔ Which Firebase features do you want to set up for this directory? Press Space to select features, then Enter to confirm your choices. Hosting:  
Configure files for Firebase Hosting and (optionally) set up GitHub Action deploys

=== Project Setup

First, let's associate this project directory with a Firebase project.
You can create multiple project aliases by running firebase use --add,
but for now we'll just set up a default project.

✔ Please select an option: Use an existing project
✔ Select a default Firebase project for this directory: binzhome-59143 (BinzHome)
i  Using project binzhome-59143 (BinzHome)

=== Hosting Setup

Your public directory is the folder (relative to your project directory) that
will contain Hosting assets to be uploaded with firebase deploy. If you
have a build process for your assets, use your build's output directory.

✔ What do you want to use as your public directory? public
✔ Configure as a single-page app (rewrite all urls to /index.html)? No
✔ Set up automatic builds and deploys with GitHub? No
+  Wrote public/404.html
✔ File public/index.html already exists. Overwrite? Yes
+  Wrote public/index.html

i  Writing configuration info to firebase.json...
i  Writing project information to .firebaserc...
i  Writing gitignore file to .gitignore...

+  Firebase initialization complete!
PS C:\DEV_SRC\vscode\firebase> git checkout HEAD -- public/index.html
PS C:\DEV_SRC\vscode\firebase> git add .
warning: in the working copy of '.firebaserc', LF will be replaced by CRLF the next time Git touches it
warning: in the working copy of '.gitignore', LF will be replaced by CRLF the next time Git touches it
warning: in the working copy of 'firebase.json', LF will be replaced by CRLF the next time Git touches it
warning: in the working copy of 'public/404.html', LF will be replaced by CRLF the next time Git touches it
PS C:\DEV_SRC\vscode\firebase> git add .^C
PS C:\DEV_SRC\vscode\firebase> git add .
PS C:\DEV_SRC\vscode\firebase> git commit -m "처음 커밋"   # 커밋 메시지는 자유롭게 작성
[master 1a93e09] 처음 커밋
 4 files changed, 117 insertions(+)
 create mode 100644 .firebaserc
 create mode 100644 .gitignore
 create mode 100644 firebase.json
 create mode 100644 public/404.html
PS C:\DEV_SRC\vscode\firebase> git push -u origin master
Enumerating objects: 9, done.
Counting objects: 100% (9/9), done.
Delta compression using up to 8 threads
Compressing objects: 100% (7/7), done.
Writing objects: 100% (7/7), 2.01 KiB | 514.00 KiB/s, done.
Total 7 (delta 0), reused 0 (delta 0), pack-reused 0 (from 0)
To https://github.com/KwangYongPark/WorkAssistance.git
   731a5b6..1a93e09  master -> master
branch 'master' set up to track 'origin/master'.
PS C:\DEV_SRC\vscode\firebase> firebase serve
>>

=== Serving from 'C:\DEV_SRC\vscode\firebase'...

i  hosting[binzhome-59143]: Serving hosting files from: public
+  hosting[binzhome-59143]: Local server: http://localhost:5000
i  hosting: ::1 - - [14/May/2025:04:32:51 +0000] "GET / HTTP/1.1" 200 - "-" "Mozilla/5.0 (Windows NT 10.0; Win64; x64) AppleWebKit/537.36 (KHTML, like Gecko) Chrome/136.0.0.0 Safari/537.36"
i  hosting: ::1 - - [14/May/2025:04:32:53 +0000] "GET /favicon.ico HTTP/1.1" 404 - "http://localhost:5000/" "Mozilla/5.0 (Windows NT 10.0; Win64; x64) AppleWebKit/537.36 (KHTML, like Gecko) Chrome/136.0.0.0 Safari/537.36"
Shutting down...
PS C:\DEV_SRC\vscode\firebase> firebase use --add
✔ Which project do you want to add? binzhome-59143
✔ What alias do you want to use for this project? (e.g. staging) main

Created alias  for undefined.
Now using alias  (undefined)
PS C:\DEV_SRC\vscode\firebase> firebase deploy

=== Deploying to 'binzhome-59143'...

i  deploying hosting
i  hosting[binzhome-59143]: beginning deploy...
i  hosting[binzhome-59143]: found 2 files in public
+  hosting[binzhome-59143]: file upload complete
i  hosting[binzhome-59143]: finalizing version...
+  hosting[binzhome-59143]: version finalized
i  hosting[binzhome-59143]: releasing new version...
+  hosting[binzhome-59143]: release complete

+  Deploy complete!

Project Console: https://console.firebase.google.com/project/binzhome-59143/overview
Hosting URL: https://binzhome-59143.web.app
PS C:\DEV_SRC\vscode\firebase>                